2026/03/01 14:30:48 [notice] 1#1: using the "epoll" event method
2026/03/01 14:30:48 [notice] 1#1: nginx/1.29.5
2026/03/01 14:30:48 [notice] 1#1: built by gcc 14.2.0 (Debian 14.2.0-19) 
2026/03/01 14:30:48 [notice] 1#1: OS: Linux 5.15.167.4-microsoft-standard-WSL2
2026/03/01 14:30:48 [notice] 1#1: getrlimit(RLIMIT_NOFILE): 1048576:1048576
2026/03/01 14:30:48 [notice] 1#1: start worker processes
2026/03/01 14:30:48 [notice] 1#1: start worker process 23
2026/03/01 14:30:48 [notice] 1#1: start worker process 24
2026/03/01 14:30:48 [notice] 1#1: start worker process 25
2026/03/01 14:30:48 [notice] 1#1: start worker process 26
2026/03/01 14:30:48 [notice] 1#1: start worker process 27
2026/03/01 14:30:48 [notice] 1#1: start worker process 28
2026/03/01 14:30:48 [notice] 1#1: start worker process 29
2026/03/01 14:30:48 [notice] 1#1: start worker process 30
2026/03/01 14:30:48 [notice] 1#1: start worker process 31
2026/03/01 14:30:48 [notice] 1#1: start worker process 32
2026/03/01 14:30:48 [notice] 1#1: start worker process 33
2026/03/01 14:30:48 [notice] 1#1: start worker process 34
2026/03/01 14:37:02 [notice] 1#1: signal 3 (SIGQUIT) received, shutting down
2026/03/01 14:37:02 [notice] 23#23: gracefully shutting down
2026/03/01 14:37:02 [notice] 33#33: gracefully shutting down
2026/03/01 14:37:02 [notice] 24#24: gracefully shutting down
2026/03/01 14:37:02 [notice] 25#25: gracefully shutting down
2026/03/01 14:37:02 [notice] 28#28: gracefully shutting down
2026/03/01 14:37:02 [notice] 28#28: exiting
2026/03/01 14:37:02 [notice] 27#27: gracefully shutting down
2026/03/01 14:37:02 [notice] 29#29: gracefully shutting down
2026/03/01 14:37:02 [notice] 26#26: gracefully shutting down
2026/03/01 14:37:02 [notice] 30#30: gracefully shutting down
2026/03/01 14:37:02 [notice] 30#30: exiting
2026/03/01 14:37:02 [notice] 31#31: gracefully shutting down
2026/03/01 14:37:02 [notice] 32#32: gracefully shutting down
2026/03/01 14:37:02 [notice] 34#34: gracefully shutting down
2026/03/01 14:37:02 [notice] 23#23: exiting
2026/03/01 14:37:02 [notice] 33#33: exiting
2026/03/01 14:37:02 [notice] 24#24: exiting
2026/03/01 14:37:02 [notice] 25#25: exiting
2026/03/01 14:37:02 [notice] 28#28: exit
2026/03/01 14:37:02 [notice] 27#27: exiting
2026/03/01 14:37:02 [notice] 29#29: exiting
2026/03/01 14:37:02 [notice] 26#26: exiting
2026/03/01 14:37:02 [notice] 30#30: exit
2026/03/01 14:37:02 [notice] 31#31: exiting
2026/03/01 14:37:02 [notice] 32#32: exiting
2026/03/01 14:37:02 [notice] 34#34: exiting
2026/03/01 14:37:02 [notice] 23#23: exit
2026/03/01 14:37:02 [notice] 33#33: exit
2026/03/01 14:37:02 [notice] 24#24: exit
2026/03/01 14:37:02 [notice] 25#25: exit
2026/03/01 14:37:02 [notice] 27#27: exit
2026/03/01 14:37:02 [notice] 29#29: exit
2026/03/01 14:37:02 [notice] 26#26: exit
2026/03/01 14:37:02 [notice] 31#31: exit
2026/03/01 14:37:02 [notice] 32#32: exit
2026/03/01 14:37:02 [notice] 34#34: exit
2026/03/01 14:37:02 [notice] 1#1: signal 17 (SIGCHLD) received from 29
2026/03/01 14:37:02 [notice] 1#1: worker process 23 exited with code 0
2026/03/01 14:37:02 [notice] 1#1: worker process 24 exited with code 0
2026/03/01 14:37:02 [notice] 1#1: worker process 25 exited with code 0
2026/03/01 14:37:02 [notice] 1#1: worker process 28 exited with code 0
2026/03/01 14:37:02 [notice] 1#1: worker process 29 exited with code 0
2026/03/01 14:37:02 [notice] 1#1: worker process 31 exited with code 0
2026/03/01 14:37:02 [notice] 1#1: worker process 32 exited with code 0
2026/03/01 14:37:02 [notice] 1#1: worker process 33 exited with code 0
2026/03/01 14:37:02 [notice] 1#1: signal 29 (SIGIO) received
2026/03/01 14:37:02 [notice] 1#1: signal 17 (SIGCHLD) received from 26
2026/03/01 14:37:02 [notice] 1#1: worker process 26 exited with code 0
2026/03/01 14:37:02 [notice] 1#1: worker process 30 exited with code 0
2026/03/01 14:37:02 [notice] 1#1: signal 29 (SIGIO) received
2026/03/01 14:37:02 [notice] 1#1: signal 17 (SIGCHLD) received from 34
2026/03/01 14:37:02 [notice] 1#1: worker process 34 exited with code 0
2026/03/01 14:37:02 [notice] 1#1: signal 29 (SIGIO) received
2026/03/01 14:37:02 [notice] 1#1: signal 17 (SIGCHLD) received from 27
2026/03/01 14:37:02 [notice] 1#1: worker process 27 exited with code 0
2026/03/01 14:37:02 [notice] 1#1: exit
2026/03/01 14:37:14 [emerg] 1#1: unknown "project_name" variable
2026/03/01 14:39:46 [emerg] 1#1: unknown "project_name" variable
2026/03/01 14:44:22 [notice] 1#1: using the "epoll" event method
2026/03/01 14:44:22 [notice] 1#1: nginx/1.29.5
2026/03/01 14:44:22 [notice] 1#1: built by gcc 14.2.0 (Debian 14.2.0-19) 
2026/03/01 14:44:22 [notice] 1#1: OS: Linux 5.15.167.4-microsoft-standard-WSL2
2026/03/01 14:44:22 [notice] 1#1: getrlimit(RLIMIT_NOFILE): 1048576:1048576
2026/03/01 14:44:22 [notice] 1#1: start worker processes
2026/03/01 14:44:22 [notice] 1#1: start worker process 26
2026/03/01 14:44:22 [notice] 1#1: start worker process 27
2026/03/01 14:44:22 [notice] 1#1: start worker process 28
2026/03/01 14:44:22 [notice] 1#1: start worker process 29
2026/03/01 14:44:22 [notice] 1#1: start worker process 30
2026/03/01 14:44:22 [notice] 1#1: start worker process 31
2026/03/01 14:44:22 [notice] 1#1: start worker process 32
2026/03/01 14:44:22 [notice] 1#1: start worker process 33
2026/03/01 14:44:22 [notice] 1#1: start worker process 34
2026/03/01 14:44:22 [notice] 1#1: start worker process 35
2026/03/01 14:44:22 [notice] 1#1: start worker process 36
2026/03/01 14:44:22 [notice] 1#1: start worker process 37
2026/03/01 14:46:39 [notice] 1#1: signal 3 (SIGQUIT) received, shutting down
2026/03/01 14:46:39 [notice] 26#26: gracefully shutting down
2026/03/01 14:46:39 [notice] 37#37: gracefully shutting down
2026/03/01 14:46:39 [notice] 27#27: gracefully shutting down
2026/03/01 14:46:39 [notice] 28#28: gracefully shutting down
2026/03/01 14:46:39 [notice] 29#29: gracefully shutting down
2026/03/01 14:46:39 [notice] 30#30: gracefully shutting down
2026/03/01 14:46:39 [notice] 31#31: gracefully shutting down
2026/03/01 14:46:39 [notice] 32#32: gracefully shutting down
2026/03/01 14:46:39 [notice] 33#33: gracefully shutting down
2026/03/01 14:46:39 [notice] 34#34: gracefully shutting down
2026/03/01 14:46:39 [notice] 35#35: gracefully shutting down
2026/03/01 14:46:39 [notice] 36#36: gracefully shutting down
2026/03/01 14:46:39 [notice] 26#26: exiting
2026/03/01 14:46:39 [notice] 37#37: exiting
2026/03/01 14:46:39 [notice] 27#27: exiting
2026/03/01 14:46:39 [notice] 28#28: exiting
2026/03/01 14:46:39 [notice] 29#29: exiting
2026/03/01 14:46:39 [notice] 30#30: exiting
2026/03/01 14:46:39 [notice] 31#31: exiting
2026/03/01 14:46:39 [notice] 32#32: exiting
2026/03/01 14:46:39 [notice] 33#33: exiting
2026/03/01 14:46:39 [notice] 34#34: exiting
2026/03/01 14:46:39 [notice] 35#35: exiting
2026/03/01 14:46:39 [notice] 36#36: exiting
2026/03/01 14:46:39 [notice] 26#26: exit
2026/03/01 14:46:39 [notice] 37#37: exit
2026/03/01 14:46:39 [notice] 27#27: exit
2026/03/01 14:46:39 [notice] 28#28: exit
2026/03/01 14:46:39 [notice] 29#29: exit
2026/03/01 14:46:39 [notice] 30#30: exit
2026/03/01 14:46:39 [notice] 31#31: exit
2026/03/01 14:46:39 [notice] 32#32: exit
2026/03/01 14:46:39 [notice] 33#33: exit
2026/03/01 14:46:39 [notice] 34#34: exit
2026/03/01 14:46:39 [notice] 35#35: exit
2026/03/01 14:46:39 [notice] 36#36: exit
2026/03/01 14:46:39 [notice] 1#1: signal 17 (SIGCHLD) received from 34
2026/03/01 14:46:39 [notice] 1#1: worker process 26 exited with code 0
2026/03/01 14:46:39 [notice] 1#1: worker process 27 exited with code 0
2026/03/01 14:46:39 [notice] 1#1: worker process 29 exited with code 0
2026/03/01 14:46:39 [notice] 1#1: worker process 30 exited with code 0
2026/03/01 14:46:39 [notice] 1#1: worker process 32 exited with code 0
2026/03/01 14:46:39 [notice] 1#1: worker process 34 exited with code 0
2026/03/01 14:46:39 [notice] 1#1: worker process 35 exited with code 0
2026/03/01 14:46:39 [notice] 1#1: signal 29 (SIGIO) received
2026/03/01 14:46:39 [notice] 1#1: signal 17 (SIGCHLD) received from 35
2026/03/01 14:46:39 [notice] 1#1: signal 17 (SIGCHLD) received from 28
2026/03/01 14:46:39 [notice] 1#1: worker process 28 exited with code 0
2026/03/01 14:46:39 [notice] 1#1: worker process 33 exited with code 0
2026/03/01 14:46:39 [notice] 1#1: signal 29 (SIGIO) received
2026/03/01 14:46:39 [notice] 1#1: signal 17 (SIGCHLD) received from 31
2026/03/01 14:46:39 [notice] 1#1: worker process 31 exited with code 0
2026/03/01 14:46:39 [notice] 1#1: worker process 36 exited with code 0
2026/03/01 14:46:39 [notice] 1#1: worker process 37 exited with code 0
2026/03/01 14:46:39 [notice] 1#1: exit
2026/03/01 14:46:46 [notice] 1#1: using the "epoll" event method
2026/03/01 14:46:46 [notice] 1#1: nginx/1.29.5
2026/03/01 14:46:46 [notice] 1#1: built by gcc 14.2.0 (Debian 14.2.0-19) 
2026/03/01 14:46:46 [notice] 1#1: OS: Linux 5.15.167.4-microsoft-standard-WSL2
2026/03/01 14:46:46 [notice] 1#1: getrlimit(RLIMIT_NOFILE): 1048576:1048576
2026/03/01 14:46:46 [notice] 1#1: start worker processes
2026/03/01 14:46:46 [notice] 1#1: start worker process 26
2026/03/01 14:46:46 [notice] 1#1: start worker process 27
2026/03/01 14:46:46 [notice] 1#1: start worker process 28
2026/03/01 14:46:46 [notice] 1#1: start worker process 29
2026/03/01 14:46:46 [notice] 1#1: start worker process 30
2026/03/01 14:46:46 [notice] 1#1: start worker process 31
2026/03/01 14:46:46 [notice] 1#1: start worker process 32
2026/03/01 14:46:46 [notice] 1#1: start worker process 33
2026/03/01 14:46:46 [notice] 1#1: start worker process 34
2026/03/01 14:46:46 [notice] 1#1: start worker process 35
2026/03/01 14:46:46 [notice] 1#1: start worker process 36
2026/03/01 14:46:46 [notice] 1#1: start worker process 37
2026/03/01 14:47:22 [notice] 1#1: signal 3 (SIGQUIT) received, shutting down
2026/03/01 14:47:22 [notice] 26#26: gracefully shutting down
2026/03/01 14:47:22 [notice] 34#34: gracefully shutting down
2026/03/01 14:47:22 [notice] 27#27: gracefully shutting down
2026/03/01 14:47:22 [notice] 28#28: gracefully shutting down
2026/03/01 14:47:22 [notice] 29#29: gracefully shutting down
2026/03/01 14:47:22 [notice] 30#30: gracefully shutting down
2026/03/01 14:47:22 [notice] 31#31: gracefully shutting down
2026/03/01 14:47:22 [notice] 31#31: exiting
2026/03/01 14:47:22 [notice] 32#32: gracefully shutting down
2026/03/01 14:47:22 [notice] 33#33: gracefully shutting down
2026/03/01 14:47:22 [notice] 26#26: exiting
2026/03/01 14:47:22 [notice] 35#35: gracefully shutting down
2026/03/01 14:47:22 [notice] 37#37: gracefully shutting down
2026/03/01 14:47:22 [notice] 36#36: gracefully shutting down
2026/03/01 14:47:22 [notice] 34#34: exiting
2026/03/01 14:47:22 [notice] 27#27: exiting
2026/03/01 14:47:22 [notice] 28#28: exiting
2026/03/01 14:47:22 [notice] 29#29: exiting
2026/03/01 14:47:22 [notice] 30#30: exiting
2026/03/01 14:47:22 [notice] 31#31: exit
2026/03/01 14:47:22 [notice] 32#32: exiting
2026/03/01 14:47:22 [notice] 33#33: exiting
2026/03/01 14:47:22 [notice] 26#26: exit
2026/03/01 14:47:22 [notice] 35#35: exiting
2026/03/01 14:47:22 [notice] 37#37: exiting
2026/03/01 14:47:22 [notice] 36#36: exiting
2026/03/01 14:47:22 [notice] 34#34: exit
2026/03/01 14:47:22 [notice] 27#27: exit
2026/03/01 14:47:22 [notice] 28#28: exit
2026/03/01 14:47:22 [notice] 29#29: exit
2026/03/01 14:47:22 [notice] 30#30: exit
2026/03/01 14:47:22 [notice] 32#32: exit
2026/03/01 14:47:22 [notice] 33#33: exit
2026/03/01 14:47:22 [notice] 35#35: exit
2026/03/01 14:47:22 [notice] 37#37: exit
2026/03/01 14:47:22 [notice] 36#36: exit
2026/03/01 14:47:22 [notice] 1#1: signal 17 (SIGCHLD) received from 31
2026/03/01 14:47:22 [notice] 1#1: worker process 26 exited with code 0
2026/03/01 14:47:22 [notice] 1#1: worker process 31 exited with code 0
2026/03/01 14:47:22 [notice] 1#1: worker process 33 exited with code 0
2026/03/01 14:47:22 [notice] 1#1: signal 29 (SIGIO) received
2026/03/01 14:47:22 [notice] 1#1: signal 17 (SIGCHLD) received from 27
2026/03/01 14:47:22 [notice] 1#1: worker process 27 exited with code 0
2026/03/01 14:47:22 [notice] 1#1: worker process 28 exited with code 0
2026/03/01 14:47:22 [notice] 1#1: worker process 29 exited with code 0
2026/03/01 14:47:22 [notice] 1#1: worker process 35 exited with code 0
2026/03/01 14:47:22 [notice] 1#1: worker process 36 exited with code 0
2026/03/01 14:47:22 [notice] 1#1: worker process 30 exited with code 0
2026/03/01 14:47:22 [notice] 1#1: worker process 32 exited with code 0
2026/03/01 14:47:22 [notice] 1#1: worker process 34 exited with code 0
2026/03/01 14:47:22 [notice] 1#1: worker process 37 exited with code 0
2026/03/01 14:47:22 [notice] 1#1: exit
2026/03/01 14:47:28 [notice] 1#1: using the "epoll" event method
2026/03/01 14:47:28 [notice] 1#1: nginx/1.29.5
2026/03/01 14:47:28 [notice] 1#1: built by gcc 14.2.0 (Debian 14.2.0-19) 
2026/03/01 14:47:28 [notice] 1#1: OS: Linux 5.15.167.4-microsoft-standard-WSL2
2026/03/01 14:47:28 [notice] 1#1: getrlimit(RLIMIT_NOFILE): 1048576:1048576
2026/03/01 14:47:28 [notice] 1#1: start worker processes
2026/03/01 14:47:28 [notice] 1#1: start worker process 26
2026/03/01 14:47:28 [notice] 1#1: start worker process 27
2026/03/01 14:47:28 [notice] 1#1: start worker process 28
2026/03/01 14:47:28 [notice] 1#1: start worker process 29
2026/03/01 14:47:28 [notice] 1#1: start worker process 30
2026/03/01 14:47:28 [notice] 1#1: start worker process 31
2026/03/01 14:47:28 [notice] 1#1: start worker process 32
2026/03/01 14:47:28 [notice] 1#1: start worker process 33
2026/03/01 14:47:28 [notice] 1#1: start worker process 34
2026/03/01 14:47:28 [notice] 1#1: start worker process 35
2026/03/01 14:47:28 [notice] 1#1: start worker process 36
2026/03/01 14:47:28 [notice] 1#1: start worker process 37
2026/03/01 14:48:54 [notice] 1#1: signal 3 (SIGQUIT) received, shutting down
2026/03/01 14:48:54 [notice] 26#26: gracefully shutting down
2026/03/01 14:48:54 [notice] 35#35: gracefully shutting down
2026/03/01 14:48:54 [notice] 27#27: gracefully shutting down
2026/03/01 14:48:54 [notice] 28#28: gracefully shutting down
2026/03/01 14:48:54 [notice] 29#29: gracefully shutting down
2026/03/01 14:48:54 [notice] 30#30: gracefully shutting down
2026/03/01 14:48:54 [notice] 31#31: gracefully shutting down
2026/03/01 14:48:54 [notice] 32#32: gracefully shutting down
2026/03/01 14:48:54 [notice] 33#33: gracefully shutting down
2026/03/01 14:48:54 [notice] 34#34: gracefully shutting down
2026/03/01 14:48:54 [notice] 36#36: gracefully shutting down
2026/03/01 14:48:54 [notice] 26#26: exiting
2026/03/01 14:48:54 [notice] 37#37: gracefully shutting down
2026/03/01 14:48:54 [notice] 35#35: exiting
2026/03/01 14:48:54 [notice] 27#27: exiting
2026/03/01 14:48:54 [notice] 28#28: exiting
2026/03/01 14:48:54 [notice] 29#29: exiting
2026/03/01 14:48:54 [notice] 30#30: exiting
2026/03/01 14:48:54 [notice] 31#31: exiting
2026/03/01 14:48:54 [notice] 32#32: exiting
2026/03/01 14:48:54 [notice] 33#33: exiting
2026/03/01 14:48:54 [notice] 34#34: exiting
2026/03/01 14:48:54 [notice] 36#36: exiting
2026/03/01 14:48:54 [notice] 26#26: exit
2026/03/01 14:48:54 [notice] 37#37: exiting
2026/03/01 14:48:54 [notice] 35#35: exit
2026/03/01 14:48:54 [notice] 27#27: exit
2026/03/01 14:48:54 [notice] 28#28: exit
2026/03/01 14:48:54 [notice] 29#29: exit
2026/03/01 14:48:54 [notice] 30#30: exit
2026/03/01 14:48:54 [notice] 31#31: exit
2026/03/01 14:48:54 [notice] 32#32: exit
2026/03/01 14:48:54 [notice] 33#33: exit
2026/03/01 14:48:54 [notice] 34#34: exit
2026/03/01 14:48:54 [notice] 36#36: exit
2026/03/01 14:48:54 [notice] 37#37: exit
2026/03/01 14:48:54 [notice] 1#1: signal 17 (SIGCHLD) received from 26
2026/03/01 14:48:54 [notice] 1#1: worker process 26 exited with code 0
2026/03/01 14:48:54 [notice] 1#1: worker process 33 exited with code 0
2026/03/01 14:48:54 [notice] 1#1: signal 29 (SIGIO) received
2026/03/01 14:48:54 [notice] 1#1: signal 17 (SIGCHLD) received from 37
2026/03/01 14:48:54 [notice] 1#1: worker process 31 exited with code 0
2026/03/01 14:48:54 [notice] 1#1: worker process 37 exited with code 0
2026/03/01 14:48:54 [notice] 1#1: signal 29 (SIGIO) received
2026/03/01 14:48:54 [notice] 1#1: signal 17 (SIGCHLD) received from 36
2026/03/01 14:48:54 [notice] 1#1: worker process 36 exited with code 0
2026/03/01 14:48:54 [notice] 1#1: signal 29 (SIGIO) received
2026/03/01 14:48:54 [notice] 1#1: signal 17 (SIGCHLD) received from 29
2026/03/01 14:48:54 [notice] 1#1: worker process 27 exited with code 0
2026/03/01 14:48:54 [notice] 1#1: worker process 29 exited with code 0
2026/03/01 14:48:54 [notice] 1#1: worker process 30 exited with code 0
2026/03/01 14:48:54 [notice] 1#1: worker process 34 exited with code 0
2026/03/01 14:48:54 [notice] 1#1: worker process 35 exited with code 0
2026/03/01 14:48:54 [notice] 1#1: signal 29 (SIGIO) received
2026/03/01 14:48:54 [notice] 1#1: signal 17 (SIGCHLD) received from 34
2026/03/01 14:48:54 [notice] 1#1: signal 17 (SIGCHLD) received from 28
2026/03/01 14:48:54 [notice] 1#1: worker process 28 exited with code 0
2026/03/01 14:48:54 [notice] 1#1: signal 29 (SIGIO) received
2026/03/01 14:48:54 [notice] 1#1: signal 17 (SIGCHLD) received from 32
2026/03/01 14:48:54 [notice] 1#1: worker process 32 exited with code 0
2026/03/01 14:48:54 [notice] 1#1: exit
2026/03/01 14:49:01 [notice] 1#1: using the "epoll" event method
2026/03/01 14:49:01 [notice] 1#1: nginx/1.29.5
2026/03/01 14:49:01 [notice] 1#1: built by gcc 14.2.0 (Debian 14.2.0-19) 
2026/03/01 14:49:01 [notice] 1#1: OS: Linux 5.15.167.4-microsoft-standard-WSL2
2026/03/01 14:49:01 [notice] 1#1: getrlimit(RLIMIT_NOFILE): 1048576:1048576
2026/03/01 14:49:01 [notice] 1#1: start worker processes
2026/03/01 14:49:01 [notice] 1#1: start worker process 26
2026/03/01 14:49:01 [notice] 1#1: start worker process 27
2026/03/01 14:49:01 [notice] 1#1: start worker process 28
2026/03/01 14:49:01 [notice] 1#1: start worker process 29
2026/03/01 14:49:01 [notice] 1#1: start worker process 30
2026/03/01 14:49:01 [notice] 1#1: start worker process 31
2026/03/01 14:49:01 [notice] 1#1: start worker process 32
2026/03/01 14:49:01 [notice] 1#1: start worker process 33
2026/03/01 14:49:01 [notice] 1#1: start worker process 34
2026/03/01 14:49:01 [notice] 1#1: start worker process 35
2026/03/01 14:49:01 [notice] 1#1: start worker process 36
2026/03/01 14:49:01 [notice] 1#1: start worker process 37
2026/03/01 14:52:47 [notice] 1#1: signal 3 (SIGQUIT) received, shutting down
2026/03/01 14:52:47 [notice] 26#26: gracefully shutting down
2026/03/01 14:52:47 [notice] 34#34: gracefully shutting down
2026/03/01 14:52:47 [notice] 27#27: gracefully shutting down
2026/03/01 14:52:47 [notice] 28#28: gracefully shutting down
2026/03/01 14:52:47 [notice] 29#29: gracefully shutting down
2026/03/01 14:52:47 [notice] 30#30: gracefully shutting down
2026/03/01 14:52:47 [notice] 31#31: gracefully shutting down
2026/03/01 14:52:47 [notice] 32#32: gracefully shutting down
2026/03/01 14:52:47 [notice] 33#33: gracefully shutting down
2026/03/01 14:52:47 [notice] 36#36: gracefully shutting down
2026/03/01 14:52:47 [notice] 35#35: gracefully shutting down
2026/03/01 14:52:47 [notice] 26#26: exiting
2026/03/01 14:52:47 [notice] 37#37: gracefully shutting down
2026/03/01 14:52:47 [notice] 34#34: exiting
2026/03/01 14:52:47 [notice] 27#27: exiting
2026/03/01 14:52:47 [notice] 28#28: exiting
2026/03/01 14:52:47 [notice] 29#29: exiting
2026/03/01 14:52:47 [notice] 30#30: exiting
2026/03/01 14:52:47 [notice] 31#31: exiting
2026/03/01 14:52:47 [notice] 32#32: exiting
2026/03/01 14:52:47 [notice] 33#33: exiting
2026/03/01 14:52:47 [notice] 36#36: exiting
2026/03/01 14:52:47 [notice] 35#35: exiting
2026/03/01 14:52:47 [notice] 26#26: exit
2026/03/01 14:52:47 [notice] 37#37: exiting
2026/03/01 14:52:47 [notice] 34#34: exit
2026/03/01 14:52:47 [notice] 27#27: exit
2026/03/01 14:52:47 [notice] 28#28: exit
2026/03/01 14:52:47 [notice] 29#29: exit
2026/03/01 14:52:47 [notice] 30#30: exit
2026/03/01 14:52:47 [notice] 31#31: exit
2026/03/01 14:52:47 [notice] 32#32: exit
2026/03/01 14:52:47 [notice] 33#33: exit
2026/03/01 14:52:47 [notice] 36#36: exit
2026/03/01 14:52:47 [notice] 35#35: exit
2026/03/01 14:52:47 [notice] 37#37: exit
2026/03/01 14:52:47 [notice] 1#1: signal 17 (SIGCHLD) received from 29
2026/03/01 14:52:47 [notice] 1#1: worker process 26 exited with code 0
2026/03/01 14:52:47 [notice] 1#1: worker process 28 exited with code 0
2026/03/01 14:52:47 [notice] 1#1: worker process 29 exited with code 0
2026/03/01 14:52:47 [notice] 1#1: worker process 30 exited with code 0
2026/03/01 14:52:47 [notice] 1#1: worker process 31 exited with code 0
2026/03/01 14:52:47 [notice] 1#1: worker process 32 exited with code 0
2026/03/01 14:52:47 [notice] 1#1: worker process 34 exited with code 0
2026/03/01 14:52:47 [notice] 1#1: worker process 35 exited with code 0
2026/03/01 14:52:47 [notice] 1#1: worker process 37 exited with code 0
2026/03/01 14:52:47 [notice] 1#1: signal 29 (SIGIO) received
2026/03/01 14:52:47 [notice] 1#1: signal 17 (SIGCHLD) received from 37
2026/03/01 14:52:47 [notice] 1#1: signal 17 (SIGCHLD) received from 27
2026/03/01 14:52:47 [notice] 1#1: worker process 27 exited with code 0
2026/03/01 14:52:47 [notice] 1#1: worker process 36 exited with code 0
2026/03/01 14:52:47 [notice] 1#1: signal 29 (SIGIO) received
2026/03/01 14:52:47 [notice] 1#1: signal 17 (SIGCHLD) received from 33
2026/03/01 14:52:47 [notice] 1#1: worker process 33 exited with code 0
2026/03/01 14:52:47 [notice] 1#1: exit
2026/03/01 14:52:55 [notice] 1#1: using the "epoll" event method
2026/03/01 14:52:55 [notice] 1#1: nginx/1.29.5
2026/03/01 14:52:55 [notice] 1#1: built by gcc 14.2.0 (Debian 14.2.0-19) 
2026/03/01 14:52:55 [notice] 1#1: OS: Linux 5.15.167.4-microsoft-standard-WSL2
2026/03/01 14:52:55 [notice] 1#1: getrlimit(RLIMIT_NOFILE): 1048576:1048576
2026/03/01 14:52:55 [notice] 1#1: start worker processes
2026/03/01 14:52:55 [notice] 1#1: start worker process 26
2026/03/01 14:52:55 [notice] 1#1: start worker process 27
2026/03/01 14:52:55 [notice] 1#1: start worker process 28
2026/03/01 14:52:55 [notice] 1#1: start worker process 29
2026/03/01 14:52:55 [notice] 1#1: start worker process 30
2026/03/01 14:52:55 [notice] 1#1: start worker process 31
2026/03/01 14:52:55 [notice] 1#1: start worker process 32
2026/03/01 14:52:55 [notice] 1#1: start worker process 33
2026/03/01 14:52:55 [notice] 1#1: start worker process 34
2026/03/01 14:52:55 [notice] 1#1: start worker process 35
2026/03/01 14:52:55 [notice] 1#1: start worker process 36
2026/03/01 14:52:55 [notice] 1#1: start worker process 37
